Archive Project report for lab6
Sun Dec 07 09:49:27 2025
Quartus II 64-Bit Version 13.0.1 Build 232 06/12/2013 Service Pack 1 SJ Web Edition


---------------------
; Table of Contents ;
---------------------
  1. Legal Notice
  2. Archive Project Summary
  3. Archive Project Messages
  4. Files Archived



----------------
; Legal Notice ;
----------------
Copyright (C) 1991-2013 Altera Corporation
Your use of Altera Corporation's design tools, logic functions 
and other software and tools, and its AMPP partner logic 
functions, and any output files from any of the foregoing 
(including device programming or simulation files), and any 
associated documentation or information are expressly subject 
to the terms and conditions of the Altera Program License 
Subscription Agreement, Altera MegaCore Function License 
Agreement, or other applicable license agreement, including, 
without limitation, that your use is for the sole purpose of 
programming logic devices manufactured by Altera and sold by 
Altera or its authorized distributors.  Please refer to the 
applicable agreement for further details.



+----------------------------------------------------------------+
; Archive Project Summary                                        ;
+------------------------+---------------------------------------+
; Archive Project Status ; Successful - Sun Dec 07 09:49:27 2025 ;
; Revision Name          ; lab6                                  ;
; Top-level Entity Name  ; CPU_pipeline                          ;
; Family                 ; Cyclone II                            ;
+------------------------+---------------------------------------+


+--------------------------+
; Archive Project Messages ;
+--------------------------+
Info: File Set 'Compilation Results' contains:
    Info: Project source and settings files
    Info: Automatically detected source files
    Info: Report files
    Info: Programming output files
    Info: Compilation database files (only usable in Quartus II 64-Bit Version 13.0.1 Build 232 06/12/2013 Service Pack 1 SJ Web Edition)
    Info: Incremental compilation database files
Info: ----------------------------------------------------------
Info: ----------------------------------------------------------
Info: Generated archive 'best.qar'
Info: ----------------------------------------------------------
Info: ----------------------------------------------------------
Info: Generated report 'lab6.archive.rpt'


+-------------------------------------------------------------------------+
; Files Archived                                                          ;
+-------------------------------------------------------------------------+
; File Name                                                               ;
+-------------------------------------------------------------------------+
; Add4.bdf                                                                ;
; add4_pg_generator.bdf                                                   ;
; add4pg.bdf                                                              ;
; add4pg_carrygenerator.bdf                                               ;
; add4pg_cout.bdf                                                         ;
; Adder.bdf                                                               ;
; ALU.bdf                                                                 ;
; alu.vwf                                                                 ;
; ALU_Fast.v                                                              ;
; ALUControl.bdf                                                          ;
; aluctrl.vwf                                                             ;
; and32.bdf                                                               ;
; binary.txt                                                              ;
; bit.vwf                                                                 ;
; bit_reverse32.bdf                                                       ;
; bit_slice.bdf                                                           ;
; bit_slice32.bdf                                                         ;
; c:/altera/13.0sp1/quartus/bin64/assignment_defaults.qdf                 ;
; cla.vwf                                                                 ;
; CLA32.bdf                                                               ;
; control.vwf                                                             ;
; control_mux.bdf                                                         ;
; ControlUnit.bdf                                                         ;
; CPU.bdf                                                                 ;
; cpu.vwf                                                                 ;
; CPU_pipeline.bdf                                                        ;
; cpu_pipeline.sdc                                                        ;
; cpu_pipeline.vwf                                                        ;
; cpu_pipiline_promax.bdf                                                 ;
; cpupipeline.vwf                                                         ;
; D:/CE118/lab6/lab6/cpupipeline.vwf                                      ;
; DataMemory.bdf                                                          ;
; db/lab6.(0).cnf.cdb                                                     ;
; db/lab6.(0).cnf.hdb                                                     ;
; db/lab6.(1).cnf.cdb                                                     ;
; db/lab6.(1).cnf.hdb                                                     ;
; db/lab6.(2).cnf.cdb                                                     ;
; db/lab6.(2).cnf.hdb                                                     ;
; db/lab6.(3).cnf.cdb                                                     ;
; db/lab6.(3).cnf.hdb                                                     ;
; db/lab6.(4).cnf.cdb                                                     ;
; db/lab6.(4).cnf.hdb                                                     ;
; db/lab6.(5).cnf.cdb                                                     ;
; db/lab6.(5).cnf.hdb                                                     ;
; db/lab6.(6).cnf.cdb                                                     ;
; db/lab6.(6).cnf.hdb                                                     ;
; db/lab6.(7).cnf.cdb                                                     ;
; db/lab6.(7).cnf.hdb                                                     ;
; db/lab6.(8).cnf.cdb                                                     ;
; db/lab6.(8).cnf.hdb                                                     ;
; db/lab6.(9).cnf.cdb                                                     ;
; db/lab6.(9).cnf.hdb                                                     ;
; db/lab6.(10).cnf.cdb                                                    ;
; db/lab6.(10).cnf.hdb                                                    ;
; db/lab6.(11).cnf.cdb                                                    ;
; db/lab6.(11).cnf.hdb                                                    ;
; db/lab6.(12).cnf.cdb                                                    ;
; db/lab6.(12).cnf.hdb                                                    ;
; db/lab6.(13).cnf.cdb                                                    ;
; db/lab6.(13).cnf.hdb                                                    ;
; db/lab6.(14).cnf.cdb                                                    ;
; db/lab6.(14).cnf.hdb                                                    ;
; db/lab6.(15).cnf.cdb                                                    ;
; db/lab6.(15).cnf.hdb                                                    ;
; db/lab6.(16).cnf.cdb                                                    ;
; db/lab6.(16).cnf.hdb                                                    ;
; db/lab6.(17).cnf.cdb                                                    ;
; db/lab6.(17).cnf.hdb                                                    ;
; db/lab6.(18).cnf.cdb                                                    ;
; db/lab6.(18).cnf.hdb                                                    ;
; db/lab6.(19).cnf.cdb                                                    ;
; db/lab6.(19).cnf.hdb                                                    ;
; db/lab6.(20).cnf.cdb                                                    ;
; db/lab6.(20).cnf.hdb                                                    ;
; db/lab6.(21).cnf.cdb                                                    ;
; db/lab6.(21).cnf.hdb                                                    ;
; db/lab6.(22).cnf.cdb                                                    ;
; db/lab6.(22).cnf.hdb                                                    ;
; db/lab6.(23).cnf.cdb                                                    ;
; db/lab6.(23).cnf.hdb                                                    ;
; db/lab6.(24).cnf.cdb                                                    ;
; db/lab6.(24).cnf.hdb                                                    ;
; db/lab6.(25).cnf.cdb                                                    ;
; db/lab6.(25).cnf.hdb                                                    ;
; db/lab6.(26).cnf.cdb                                                    ;
; db/lab6.(26).cnf.hdb                                                    ;
; db/lab6.(27).cnf.cdb                                                    ;
; db/lab6.(27).cnf.hdb                                                    ;
; db/lab6.(28).cnf.cdb                                                    ;
; db/lab6.(28).cnf.hdb                                                    ;
; db/lab6.(29).cnf.cdb                                                    ;
; db/lab6.(29).cnf.hdb                                                    ;
; db/lab6.(30).cnf.cdb                                                    ;
; db/lab6.(30).cnf.hdb                                                    ;
; db/lab6.(31).cnf.cdb                                                    ;
; db/lab6.(31).cnf.hdb                                                    ;
; db/lab6.(32).cnf.cdb                                                    ;
; db/lab6.(32).cnf.hdb                                                    ;
; db/lab6.(33).cnf.cdb                                                    ;
; db/lab6.(33).cnf.hdb                                                    ;
; db/lab6.(34).cnf.cdb                                                    ;
; db/lab6.(34).cnf.hdb                                                    ;
; db/lab6.(35).cnf.cdb                                                    ;
; db/lab6.(35).cnf.hdb                                                    ;
; db/lab6.(36).cnf.cdb                                                    ;
; db/lab6.(36).cnf.hdb                                                    ;
; db/lab6.(37).cnf.cdb                                                    ;
; db/lab6.(37).cnf.hdb                                                    ;
; db/lab6.(38).cnf.cdb                                                    ;
; db/lab6.(38).cnf.hdb                                                    ;
; db/lab6.(39).cnf.cdb                                                    ;
; db/lab6.(39).cnf.hdb                                                    ;
; db/lab6.(40).cnf.cdb                                                    ;
; db/lab6.(40).cnf.hdb                                                    ;
; db/lab6.(41).cnf.cdb                                                    ;
; db/lab6.(41).cnf.hdb                                                    ;
; db/lab6.(42).cnf.cdb                                                    ;
; db/lab6.(42).cnf.hdb                                                    ;
; db/lab6.(43).cnf.cdb                                                    ;
; db/lab6.(43).cnf.hdb                                                    ;
; db/lab6.(44).cnf.cdb                                                    ;
; db/lab6.(44).cnf.hdb                                                    ;
; db/lab6.(45).cnf.cdb                                                    ;
; db/lab6.(45).cnf.hdb                                                    ;
; db/lab6.(46).cnf.cdb                                                    ;
; db/lab6.(46).cnf.hdb                                                    ;
; db/lab6.(47).cnf.cdb                                                    ;
; db/lab6.(47).cnf.hdb                                                    ;
; db/lab6.(48).cnf.cdb                                                    ;
; db/lab6.(48).cnf.hdb                                                    ;
; db/lab6.(49).cnf.cdb                                                    ;
; db/lab6.(49).cnf.hdb                                                    ;
; db/lab6.(50).cnf.cdb                                                    ;
; db/lab6.(50).cnf.hdb                                                    ;
; db/lab6.(51).cnf.cdb                                                    ;
; db/lab6.(51).cnf.hdb                                                    ;
; db/lab6.(52).cnf.cdb                                                    ;
; db/lab6.(52).cnf.hdb                                                    ;
; db/lab6.(53).cnf.cdb                                                    ;
; db/lab6.(53).cnf.hdb                                                    ;
; db/lab6.(54).cnf.cdb                                                    ;
; db/lab6.(54).cnf.hdb                                                    ;
; db/lab6.(55).cnf.cdb                                                    ;
; db/lab6.(55).cnf.hdb                                                    ;
; db/lab6.(56).cnf.cdb                                                    ;
; db/lab6.(56).cnf.hdb                                                    ;
; db/lab6.(57).cnf.cdb                                                    ;
; db/lab6.(57).cnf.hdb                                                    ;
; db/lab6.(58).cnf.cdb                                                    ;
; db/lab6.(58).cnf.hdb                                                    ;
; db/lab6.(59).cnf.cdb                                                    ;
; db/lab6.(59).cnf.hdb                                                    ;
; db/lab6.(60).cnf.cdb                                                    ;
; db/lab6.(60).cnf.hdb                                                    ;
; db/lab6.(61).cnf.cdb                                                    ;
; db/lab6.(61).cnf.hdb                                                    ;
; db/lab6.(62).cnf.cdb                                                    ;
; db/lab6.(62).cnf.hdb                                                    ;
; db/lab6.(63).cnf.cdb                                                    ;
; db/lab6.(63).cnf.hdb                                                    ;
; db/lab6.(64).cnf.cdb                                                    ;
; db/lab6.(64).cnf.hdb                                                    ;
; db/lab6.(65).cnf.cdb                                                    ;
; db/lab6.(65).cnf.hdb                                                    ;
; db/lab6.(66).cnf.cdb                                                    ;
; db/lab6.(66).cnf.hdb                                                    ;
; db/lab6.(67).cnf.cdb                                                    ;
; db/lab6.(67).cnf.hdb                                                    ;
; db/lab6.(68).cnf.cdb                                                    ;
; db/lab6.(68).cnf.hdb                                                    ;
; db/lab6.(69).cnf.cdb                                                    ;
; db/lab6.(69).cnf.hdb                                                    ;
; db/lab6.(70).cnf.cdb                                                    ;
; db/lab6.(70).cnf.hdb                                                    ;
; db/lab6.(71).cnf.cdb                                                    ;
; db/lab6.(71).cnf.hdb                                                    ;
; db/lab6.(72).cnf.cdb                                                    ;
; db/lab6.(72).cnf.hdb                                                    ;
; db/lab6.(73).cnf.cdb                                                    ;
; db/lab6.(73).cnf.hdb                                                    ;
; db/lab6.archive.qmsg                                                    ;
; db/lab6.asm.qmsg                                                        ;
; db/lab6.asm.rdb                                                         ;
; db/lab6.asm_labs.ddb                                                    ;
; db/lab6.cbx.xml                                                         ;
; db/lab6.cmp.bpm                                                         ;
; db/lab6.cmp.cdb                                                         ;
; db/lab6.cmp.hdb                                                         ;
; db/lab6.cmp.idb                                                         ;
; db/lab6.cmp.kpt                                                         ;
; db/lab6.cmp.logdb                                                       ;
; db/lab6.cmp.rdb                                                         ;
; db/lab6.cmp0.ddb                                                        ;
; db/lab6.cmp1.ddb                                                        ;
; db/lab6.cmp_merge.kpt                                                   ;
; db/lab6.cycloneive_io_sim_cache.31um_ff_1200mv_0c_fast.hsd              ;
; db/lab6.cycloneive_io_sim_cache.31um_tt_1200mv_0c_slow.hsd              ;
; db/lab6.cycloneive_io_sim_cache.31um_tt_1200mv_85c_slow.hsd             ;
; db/lab6.db_info                                                         ;
; db/lab6.drc.qmsg                                                        ;
; db/lab6.eda.qmsg                                                        ;
; db/lab6.eds_overflow                                                    ;
; db/lab6.fit.qmsg                                                        ;
; db/lab6.fnsim.hdb                                                       ;
; db/lab6.fnsim.qmsg                                                      ;
; db/lab6.hier_info                                                       ;
; db/lab6.hif                                                             ;
; db/lab6.ipinfo                                                          ;
; db/lab6.lpc.html                                                        ;
; db/lab6.lpc.rdb                                                         ;
; db/lab6.lpc.txt                                                         ;
; db/lab6.map.ammdb                                                       ;
; db/lab6.map.bpm                                                         ;
; db/lab6.map.cdb                                                         ;
; db/lab6.map.hdb                                                         ;
; db/lab6.map.kpt                                                         ;
; db/lab6.map.logdb                                                       ;
; db/lab6.map.qmsg                                                        ;
; db/lab6.map.rdb                                                         ;
; db/lab6.map_bb.cdb                                                      ;
; db/lab6.map_bb.hdb                                                      ;
; db/lab6.map_bb.logdb                                                    ;
; db/lab6.mif_update.qmsg                                                 ;
; db/lab6.pow.qmsg                                                        ;
; db/lab6.pplq.rdb                                                        ;
; db/lab6.pre_map.hdb                                                     ;
; db/lab6.pti_db_list.ddb                                                 ;
; db/lab6.ram0_IMEM_257482.hdl.mif                                        ;
; db/lab6.root_partition.map.reg_db.cdb                                   ;
; db/lab6.routing.rdb                                                     ;
; db/lab6.rtlv.hdb                                                        ;
; db/lab6.rtlv_sg.cdb                                                     ;
; db/lab6.rtlv_sg_swap.cdb                                                ;
; db/lab6.sgdiff.cdb                                                      ;
; db/lab6.sgdiff.hdb                                                      ;
; db/lab6.sim.hdb                                                         ;
; db/lab6.sim.qmsg                                                        ;
; db/lab6.sim.rdb                                                         ;
; db/lab6.sim.vwf                                                         ;
; db/lab6.simfam                                                          ;
; db/lab6.sld_design_entry.sci                                            ;
; db/lab6.sld_design_entry_dsc.sci                                        ;
; db/lab6.smart_action.txt                                                ;
; db/lab6.sta.qmsg                                                        ;
; db/lab6.sta.rdb                                                         ;
; db/lab6.sta_cmp.6_slow.tdb                                              ;
; db/lab6.stingray_io_sim_cache.45um_ff_1200mv_n40c_fast.hsd              ;
; db/lab6.stingray_io_sim_cache.45um_ii_1200mv_100c_slow.hsd              ;
; db/lab6.stingray_io_sim_cache.45um_ii_1200mv_n40c_slow.hsd              ;
; db/lab6.syn_hier_info                                                   ;
; db/lab6.tis_db_list.ddb                                                 ;
; db/lab6.vpr.ammdb                                                       ;
; decoder532.bdf                                                          ;
; decoder532e.bdf                                                         ;
; dmem.vwf                                                                ;
; EX_MEM.bdf                                                              ;
; EX_MEM_control.bdf                                                      ;
; Extend16to32.bdf                                                        ;
; fowading.vwf                                                            ;
; FowardingUnit.bdf                                                       ;
; HazardDetectionUnit.bdf                                                 ;
; ID_EX.bdf                                                               ;
; ID_EX_control.bdf                                                       ;
; IF_ID.bdf                                                               ;
; IMEM.v                                                                  ;
; incremental_db/compiled_partitions/lab6.db_info                         ;
; incremental_db/compiled_partitions/lab6.root_partition.cmp.cdb          ;
; incremental_db/compiled_partitions/lab6.root_partition.cmp.dfp          ;
; incremental_db/compiled_partitions/lab6.root_partition.cmp.hdb          ;
; incremental_db/compiled_partitions/lab6.root_partition.cmp.kpt          ;
; incremental_db/compiled_partitions/lab6.root_partition.cmp.logdb        ;
; incremental_db/compiled_partitions/lab6.root_partition.cmp.rcfdb        ;
; incremental_db/compiled_partitions/lab6.root_partition.map.cdb          ;
; incremental_db/compiled_partitions/lab6.root_partition.map.dpi          ;
; incremental_db/compiled_partitions/lab6.root_partition.map.hbdb.cdb     ;
; incremental_db/compiled_partitions/lab6.root_partition.map.hbdb.hb_info ;
; incremental_db/compiled_partitions/lab6.root_partition.map.hbdb.hdb     ;
; incremental_db/compiled_partitions/lab6.root_partition.map.hbdb.sig     ;
; incremental_db/compiled_partitions/lab6.root_partition.map.hdb          ;
; incremental_db/compiled_partitions/lab6.root_partition.map.kpt          ;
; ITypeControl.bdf                                                        ;
; lab6.qpf                                                                ;
; lab6.qsf                                                                ;
; lpm_add_sub1.bsf                                                        ;
; lpm_add_sub1.qip                                                        ;
; lpm_add_sub1.v                                                          ;
; lpm_add_sub1_bb.v                                                       ;
; lpm_add_sub2.bsf                                                        ;
; lpm_add_sub2.qip                                                        ;
; lpm_add_sub2.v                                                          ;
; lpm_add_sub2_bb.v                                                       ;
; lpm_compare0.bsf                                                        ;
; lpm_compare0.qip                                                        ;
; lpm_compare0.v                                                          ;
; lpm_compare0_bb.v                                                       ;
; MEM_WB.bdf                                                              ;
; MEM_WB_control.bdf                                                      ;
; mux21.bdf                                                               ;
; mux21_4.bdf                                                             ;
; mux21_5.bdf                                                             ;
; mux21_6.bdf                                                             ;
; mux21_32.bdf                                                            ;
; mux31.bdf                                                               ;
; mux31_32.bdf                                                            ;
; mux41_32.bdf                                                            ;
; nor32.bdf                                                               ;
; not32.bdf                                                               ;
; output_files/lab6.asm.rpt                                               ;
; output_files/lab6.drc.rpt                                               ;
; output_files/lab6.eda.rpt                                               ;
; output_files/lab6.fit.rpt                                               ;
; output_files/lab6.fit.smsg                                              ;
; output_files/lab6.fit.summary                                           ;
; output_files/lab6.flow.rpt                                              ;
; output_files/lab6.jdi                                                   ;
; output_files/lab6.map.rpt                                               ;
; output_files/lab6.map.summary                                           ;
; output_files/lab6.mif_update.rpt                                        ;
; output_files/lab6.pin                                                   ;
; output_files/lab6.pof                                                   ;
; output_files/lab6.pow.rpt                                               ;
; output_files/lab6.pow.summary                                           ;
; output_files/lab6.sim.rpt                                               ;
; output_files/lab6.sof                                                   ;
; output_files/lab6.sta.rpt                                               ;
; output_files/lab6.sta.summary                                           ;
; PC.bdf                                                                  ;
; PG4.bdf                                                                 ;
; ram_cell.bdf                                                            ;
; ram_cell32.bdf                                                          ;
; reg.vwf                                                                 ;
; reg_cell.bdf                                                            ;
; regcell32.bdf                                                           ;
; Register5.bdf                                                           ;
; register5_clr.bdf                                                       ;
; register6.bdf                                                           ;
; register6_clr.bdf                                                       ;
; register32.bdf                                                          ;
; register32_clr.bdf                                                      ;
; register32e.bdf                                                         ;
; register32e_clr.bdf                                                     ;
; Registers.bdf                                                           ;
; rfc.vwf                                                                 ;
; RTypeControl.bdf                                                        ;
; Shifter.bdf                                                             ;
; SHIFTER.vwf                                                             ;
; Shiftleft2.bdf                                                          ;
; temp.bdf                                                                ;
; xnor2-5.bdf                                                             ;
; Zero.bdf                                                                ;
; Zero32.bdf                                                              ;
+-------------------------------------------------------------------------+


